// Jest Snapshot v1, https://goo.gl/fbAQLP

exports[`Pruebas en <HookApp /> debe mostrarse correctamente 1`] = `
<div>
  <div>
    Hola Mundo
  </div>
</div>
`;
